
> frontend-app@0.0.0 build
> vite build

[36mvite v7.2.2 [32mbuilding client environment for production...[36m[39m
transforming...
[32m✓[39m 64 modules transformed.
[31m✗[39m Build failed in 628ms
[31merror during build:
[31msrc/routes/index.jsx (23:7): "default" is not exported by "src/pages/jobs/JobList.jsx", imported by "src/routes/index.jsx".[31m
file: [36mE:/Job-Tracking-Application/frontend-app/src/routes/index.jsx:23:7[31m
[33m
21: import ViewLogs from "../pages/admin/ViewLogs";
22: import LanguageSettings from "../pages/settings/LanguageSettings";
23: import JobList from "../pages/jobs/JobList";
           ^
24: import JobDetails from "../pages/jobs/JobDetails";
25: import CreateJob from "../pages/jobs/CreateJob";
[31m
    at getRollupError (file:///E:/Job-Tracking-Application/frontend-app/node_modules/rollup/dist/es/shared/parseAst.js:401:41)
    at error (file:///E:/Job-Tracking-Application/frontend-app/node_modules/rollup/dist/es/shared/parseAst.js:397:42)
    at Module.error (file:///E:/Job-Tracking-Application/frontend-app/node_modules/rollup/dist/es/shared/node-entry.js:16946:16)
    at Module.traceVariable (file:///E:/Job-Tracking-Application/frontend-app/node_modules/rollup/dist/es/shared/node-entry.js:17400:29)
    at ModuleScope.findVariable (file:///E:/Job-Tracking-Application/frontend-app/node_modules/rollup/dist/es/shared/node-entry.js:15067:39)
    at FunctionScope.findVariable (file:///E:/Job-Tracking-Application/frontend-app/node_modules/rollup/dist/es/shared/node-entry.js:5641:38)
    at FunctionBodyScope.findVariable (file:///E:/Job-Tracking-Application/frontend-app/node_modules/rollup/dist/es/shared/node-entry.js:5641:38)
    at Identifier.bind (file:///E:/Job-Tracking-Application/frontend-app/node_modules/rollup/dist/es/shared/node-entry.js:5415:40)
    at CallExpression.bind (file:///E:/Job-Tracking-Application/frontend-app/node_modules/rollup/dist/es/shared/node-entry.js:2802:28)
    at CallExpression.bind (file:///E:/Job-Tracking-Application/frontend-app/node_modules/rollup/dist/es/shared/node-entry.js:12114:15)[39m
